// Jest Snapshot v1, https://goo.gl/fbAQLP

exports[`Pruebas en el <GifGridItem /> Debe mostrar el componente correctamente  1`] = `
<div
  className="card animate__animated animate__fadeIn"
>
  <img
    alt="titulo"
    src="https://direccionserver/something.jpg"
  />
  <p
    className="title"
  >
     
    titulo
     
  </p>
</div>
`;
